Flag filter checkbox not found for ID: superstoreFilter
(anonymous) @ script.js:51
(anonymous) @ script.js:46
script.js:51  Flag filter checkbox not found for ID: goldenrhinoFilter
(anonymous) @ script.js:51
(anonymous) @ script.js:46
script.js:51  Flag filter checkbox not found for ID: aizoneFilter
(anonymous) @ script.js:51
(anonymous) @ script.js:46
script.js:51  Flag filter checkbox not found for ID: hispanicmarketFilter
(anonymous) @ script.js:51
(anonymous) @ script.js:46
script.js:51  Flag filter checkbox not found for ID: evrouteFilter
